// Jest Snapshot v1, https://goo.gl/fbAQLP

exports[`<Header /> render the component - it should have expected elements 1`] = `
<header
  class="header-body text-white bg-transparent border-transparent z-50"
  data-testid="HEADER_TEST_ID"
>
  <a
    class="text-lg font-bold font-serif"
    href="/"
  >
    Kei Yamashita
  </a>
  <ul
    class="hidden md:flex flex-row items-center align-middle gap-4"
  >
    <li>
      <a
        href="/"
      >
        Home
      </a>
    </li>
    <li>
      <a
        href="/#about"
      >
        About
      </a>
    </li>
    <li>
      <a
        href="/#career"
      >
        Career
      </a>
    </li>
    <li>
      <a
        href="/#posts"
      >
        Posts
      </a>
    </li>
  </ul>
  <div
    data-testid="SLIDER_MENU_TEST_ID"
  >
    <button
      class="md:hidden"
      type="button"
    >
      <svg
        class="h-6 w-6"
        fill="none"
        stroke="currentColor"
        stroke-width="2"
        viewBox="0 0 24 24"
        xmlns="http://www.w3.org/2000/svg"
      >
        <path
          d="M4 6h16M4 12h16m-7 6h7"
          stroke-linecap="round"
          stroke-linejoin="round"
        />
      </svg>
    </button>
    <aside
      class="overflow-x-hidden right-0 duration-300 fixed top-0 h-screen bg-background_darken w-0"
    >
      <div
        class="flex flex-col"
      >
        <button
          type="button"
        >
          Ã—
        </button>
        <a
          href="/"
        >
          Home
        </a>
        <a
          href="/#about"
        >
          About
        </a>
        <a
          href="/#career"
        >
          Career
        </a>
        <a
          href="/#posts"
        >
          Posts
        </a>
      </div>
    </aside>
  </div>
</header>
`;
