// Jest Snapshot v1, https://goo.gl/fbAQLP

exports[`<SliderMenu /> render the component - it should have expected elements 1`] = `
<div
  class="md:hidden"
  data-testid="SLIDER_MENU_TEST_ID"
>
  <button
    type="button"
  >
    <svg
      class="h-6 w-6"
      fill="none"
      stroke="currentColor"
      stroke-width="2"
      viewBox="0 0 24 24"
      xmlns="http://www.w3.org/2000/svg"
    >
      <path
        d="M4 6h16M4 12h16m-7 6h7"
        stroke-linecap="round"
        stroke-linejoin="round"
      />
    </svg>
  </button>
  <aside
    class="overflow-x-hidden right-0 duration-300 fixed top-0 h-screen bg-background_darken w-0"
  >
    <ul
      class="inline-block"
    >
      <li>
        <button
          class="px-4 p-1 text-4xl hover:opacity-60"
          type="button"
        >
          Ã—
        </button>
      </li>
      <li>
        <a
          href="/"
        >
          <h3
            class="bg-clip-text text-transparent bg-white hover:bg-gradient-to-r from-[#edca85] via-[#d55594] to-[#5594d5] px-4 py-1"
          >
            Home
          </h3>
        </a>
      </li>
      <li>
        <a
          href="/#about"
        >
          <h3
            class="bg-clip-text text-transparent bg-white hover:bg-gradient-to-r from-[#edca85] via-[#d55594] to-[#5594d5] px-4 py-1"
          >
            About
          </h3>
        </a>
      </li>
      <li>
        <a
          href="/#career"
        >
          <h3
            class="bg-clip-text text-transparent bg-white hover:bg-gradient-to-r from-[#edca85] via-[#d55594] to-[#5594d5] px-4 py-1"
          >
            Career
          </h3>
        </a>
      </li>
      <li>
        <a
          href="/#posts"
        >
          <h3
            class="bg-clip-text text-transparent bg-white hover:bg-gradient-to-r from-[#edca85] via-[#d55594] to-[#5594d5] px-4 py-1"
          >
            Posts
          </h3>
        </a>
      </li>
    </ul>
  </aside>
</div>
`;
